{
  "_format_version": "3.0",
  "services": [
    {
      "host": "simple-api-overview.upstream",
      "id": "0907c4ab-d9e4-5d21-813b-c57a97eeaad9",
      "name": "simple-api-overview",
      "path": "/anything",
      "plugins": [],
      "port": 443,
      "protocol": "https",
      "routes": [
        {
          "id": "663104d8-7e60-525d-b506-e42971b4466b",
          "methods": [
            "GET"
          ],
          "name": "simple-api-overview_uses-doc-service",
          "paths": [
            "~/path1$"
          ],
          "plugins": [],
          "regex_priority": 200,
          "strip_path": false,
          "tags": [
            "OAS3_import",
            "OAS3file_06a-upstream-defaults.yaml"
          ]
        }
      ],
      "tags": [
        "OAS3_import",
        "OAS3file_06a-upstream-defaults.yaml"
      ]
    }
  ],
  "upstreams": [
    {
      "id": "811c42d6-ef18-5296-a550-7dca2262b4d8",
      "name": "simple-api-overview.upstream",
      "tags": [
        "OAS3_import",
        "OAS3file_06a-upstream-defaults.yaml"
      ],
      "targets": [
        {
          "tags": [
            "OAS3_import",
            "OAS3file_06a-upstream-defaults.yaml"
          ],
          "target": "my-server1.com:443"
        },
        {
          "tags": [
            "OAS3_import",
            "OAS3file_06a-upstream-defaults.yaml"
          ],
          "target": "my-server2.com:443"
        }
      ]
    }
  ]
}