{
  "_format_version": "3.0",
  "services": [
    {
      "host": "Simple_API_overview.upstream",
      "id": "e3a95664-95d7-5b10-bc3d-11c9cc6c2b4e",
      "name": "Simple_API_overview",
      "path": "/some/path",
      "plugins": [],
      "port": 80,
      "protocol": "http",
      "routes": [
        {
          "id": "e8e63255-7b5f-52aa-9c17-305b78ad47d8",
          "methods": [
            "GET"
          ],
          "name": "Simple_API_overview-opsid1",
          "paths": [
            "~/$"
          ],
          "plugins": [],
          "regex_priority": 200,
          "strip_path": false,
          "tags": [
            "OAS3_import",
            "OAS3file_01-names-inferred.yaml"
          ]
        },
        {
          "id": "7b278888-6444-5b79-886d-d229459bd68e",
          "methods": [
            "POST"
          ],
          "name": "Simple_API_overview-post",
          "paths": [
            "~/$"
          ],
          "plugins": [],
          "regex_priority": 200,
          "strip_path": false,
          "tags": [
            "OAS3_import",
            "OAS3file_01-names-inferred.yaml"
          ]
        },
        {
          "id": "63e8e8e9-19ce-58fe-90b6-b6f0403deb51",
          "methods": [
            "GET"
          ],
          "name": "Simple_API_overview-opsid2",
          "paths": [
            "~/application$"
          ],
          "plugins": [],
          "regex_priority": 200,
          "strip_path": false,
          "tags": [
            "OAS3_import",
            "OAS3file_01-names-inferred.yaml"
          ]
        },
        {
          "id": "3027eccd-19a1-5b22-a383-75f88e97321c",
          "methods": [
            "POST"
          ],
          "name": "Simple_API_overview-application-post",
          "paths": [
            "~/application$"
          ],
          "plugins": [],
          "regex_priority": 200,
          "strip_path": false,
          "tags": [
            "OAS3_import",
            "OAS3file_01-names-inferred.yaml"
          ]
        },
        {
          "id": "07e067e8-bb7f-52c3-98e7-28e0b2ac1302",
          "methods": [
            "GET"
          ],
          "name": "Simple_API_overview-opsid3",
          "paths": [
            "~/application/$"
          ],
          "plugins": [],
          "regex_priority": 200,
          "strip_path": false,
          "tags": [
            "OAS3_import",
            "OAS3file_01-names-inferred.yaml"
          ]
        },
        {
          "id": "47527799-6eee-56a4-9f70-fd4e0b1a5867",
          "methods": [
            "POST"
          ],
          "name": "Simple_API_overview-application~-post",
          "paths": [
            "~/application/$"
          ],
          "plugins": [],
          "regex_priority": 200,
          "strip_path": false,
          "tags": [
            "OAS3_import",
            "OAS3file_01-names-inferred.yaml"
          ]
        }
      ],
      "tags": [
        "OAS3_import",
        "OAS3file_01-names-inferred.yaml"
      ]
    }
  ],
  "upstreams": [
    {
      "id": "dca5eafe-311a-520f-87bc-0e695b01eab6",
      "name": "Simple_API_overview.upstream",
      "tags": [
        "OAS3_import",
        "OAS3file_01-names-inferred.yaml"
      ],
      "targets": [
        {
          "tags": [
            "OAS3_import",
            "OAS3file_01-names-inferred.yaml"
          ],
          "target": "backend1.com:80"
        },
        {
          "tags": [
            "OAS3_import",
            "OAS3file_01-names-inferred.yaml"
          ],
          "target": "backend2.com:80"
        }
      ]
    }
  ]
}