{
  "_format_version": "3.0",
  "services": [
    {
      "host": "localhost",
      "id": "e3a95664-95d7-5b10-bc3d-11c9cc6c2b4e",
      "name": "Simple_API_overview",
      "path": "/",
      "plugins": [],
      "port": 443,
      "protocol": "https",
      "routes": [
        {
          "id": "5879685e-cf66-58a7-b7c5-4e8ef4699dbe",
          "methods": [
            "GET"
          ],
          "name": "Simple_API_overview-OpsId",
          "paths": [
            "~/$"
          ],
          "plugins": [],
          "regex_priority": 200,
          "strip_path": false,
          "tags": [
            "OAS3_import",
            "OAS3file_03-servers-defaults.yaml"
          ]
        }
      ],
      "tags": [
        "OAS3_import",
        "OAS3file_03-servers-defaults.yaml"
      ]
    }
  ],
  "upstreams": []
}