{
  "_format_version": "3.0",
  "services": [
    {
      "host": "example.com",
      "id": "455bef07-544f-551a-b9c8-ac47ed3f35ca",
      "name": "Server_with_no_trailing_slash",
      "path": "/",
      "plugins": [],
      "port": 443,
      "protocol": "https",
      "routes": [
        {
          "id": "2f02798c-98f3-5d02-a9e4-3ff7285148ad",
          "methods": [
            "GET"
          ],
          "name": "Server_with_no_trailing_slash-myId",
          "paths": [
            "~/path$"
          ],
          "plugins": [],
          "regex_priority": 200,
          "strip_path": false,
          "tags": [
            "OAS3_import",
            "OAS3file_03a-server-no-trailing-slash.yaml"
          ]
        }
      ],
      "tags": [
        "OAS3_import",
        "OAS3file_03a-server-no-trailing-slash.yaml"
      ]
    }
  ],
  "upstreams": []
}