{
  "_format_version": "3.0",
  "services": [
    {
      "host": "simple-api-overview.upstream",
      "id": "0907c4ab-d9e4-5d21-813b-c57a97eeaad9",
      "name": "simple-api-overview",
      "path": "/",
      "plugins": [],
      "port": 443,
      "protocol": "https",
      "routes": [
        {
          "id": "eee036de-517e-59cf-a2e0-17b3adfa31b5",
          "methods": [
            "GET"
          ],
          "name": "simple-api-overview_opsid",
          "paths": [
            "~/$"
          ],
          "plugins": [],
          "regex_priority": 200,
          "strip_path": false,
          "tags": [
            "OAS3_import",
            "OAS3file_04-servers-upstream.yaml"
          ]
        }
      ],
      "tags": [
        "OAS3_import",
        "OAS3file_04-servers-upstream.yaml"
      ]
    }
  ],
  "upstreams": [
    {
      "id": "811c42d6-ef18-5296-a550-7dca2262b4d8",
      "name": "simple-api-overview.upstream",
      "tags": [
        "OAS3_import",
        "OAS3file_04-servers-upstream.yaml"
      ],
      "targets": [
        {
          "tags": [
            "OAS3_import",
            "OAS3file_04-servers-upstream.yaml"
          ],
          "target": "server1.com:443"
        },
        {
          "tags": [
            "OAS3_import",
            "OAS3file_04-servers-upstream.yaml"
          ],
          "target": "server2.com:443"
        }
      ]
    }
  ]
}