{
  "_format_version": "3.0",
  "services": [
    {
      "host": "Simple_API_overview.upstream",
      "id": "e3a95664-95d7-5b10-bc3d-11c9cc6c2b4e",
      "name": "Simple_API_overview",
      "path": "/anything",
      "plugins": [],
      "port": 443,
      "protocol": "https",
      "routes": [
        {
          "id": "5f917263-5851-5850-923f-06a35814bb61",
          "methods": [
            "GET"
          ],
          "name": "Simple_API_overview-uses-doc-service",
          "paths": [
            "~/path1$"
          ],
          "plugins": [],
          "regex_priority": 200,
          "strip_path": false,
          "tags": [
            "OAS3_import",
            "OAS3file_06a-upstream-defaults.yaml"
          ]
        }
      ],
      "tags": [
        "OAS3_import",
        "OAS3file_06a-upstream-defaults.yaml"
      ]
    }
  ],
  "upstreams": [
    {
      "id": "dca5eafe-311a-520f-87bc-0e695b01eab6",
      "name": "Simple_API_overview.upstream",
      "tags": [
        "OAS3_import",
        "OAS3file_06a-upstream-defaults.yaml"
      ],
      "targets": [
        {
          "tags": [
            "OAS3_import",
            "OAS3file_06a-upstream-defaults.yaml"
          ],
          "target": "my-server1.com:443"
        },
        {
          "tags": [
            "OAS3_import",
            "OAS3file_06a-upstream-defaults.yaml"
          ],
          "target": "my-server2.com:443"
        }
      ]
    }
  ]
}