{
  "_format_version": "3.0",
  "services": [
    {
      "host": "myhost.com",
      "id": "e3a95664-95d7-5b10-bc3d-11c9cc6c2b4e",
      "name": "Simple_API_overview",
      "path": "/something",
      "plugins": [],
      "port": 123,
      "protocol": "http",
      "routes": [
        {
          "id": "5f917263-5851-5850-923f-06a35814bb61",
          "methods": [
            "GET"
          ],
          "name": "Simple_API_overview-uses-doc-service",
          "paths": [
            "~/path1$"
          ],
          "plugins": [],
          "regex_priority": 200,
          "strip_path": false,
          "tags": [
            "OAS3_import",
            "OAS3file_07a-service-defaults.yaml"
          ]
        }
      ],
      "tags": [
        "OAS3_import",
        "OAS3file_07a-service-defaults.yaml"
      ]
    }
  ],
  "upstreams": []
}