{
  "_format_version": "3.0",
  "services": [
    {
      "host": "server1.com",
      "id": "e3a95664-95d7-5b10-bc3d-11c9cc6c2b4e",
      "name": "Simple_API_overview",
      "path": "/",
      "plugins": [
        {
          "config": {
            "message": "So long and thanks for all the fish!",
            "status_code": 403
          },
          "id": "3a0a598e-5e31-570d-abcc-563876fa0a0b",
          "name": "request-termination",
          "tags": [
            "OAS3_import",
            "OAS3file_09-generic-plugins.yaml"
          ]
        }
      ],
      "port": 443,
      "protocol": "https",
      "routes": [
        {
          "id": "8062e64f-dce4-5ae1-aa55-b2c3a1ae9422",
          "methods": [
            "GET"
          ],
          "name": "Simple_API_overview-uses-doc-plugin",
          "paths": [
            "~/path1$"
          ],
          "plugins": [],
          "regex_priority": 200,
          "strip_path": false,
          "tags": [
            "OAS3_import",
            "OAS3file_09-generic-plugins.yaml"
          ]
        },
        {
          "id": "f875b5f9-2e16-52ef-9f83-a407a1b73a32",
          "methods": [
            "GET"
          ],
          "name": "Simple_API_overview-uses-path-plugin",
          "paths": [
            "~/path2$"
          ],
          "plugins": [
            {
              "config": {
                "message": "The answer to life, the universe, and everything!",
                "status_code": 403
              },
              "id": "c518bbe3-0e8b-53bc-b845-733fc4e98fe8",
              "name": "request-termination",
              "tags": [
                "OAS3_import",
                "OAS3file_09-generic-plugins.yaml"
              ]
            }
          ],
          "regex_priority": 200,
          "strip_path": false,
          "tags": [
            "OAS3_import",
            "OAS3file_09-generic-plugins.yaml"
          ]
        },
        {
          "id": "32e8ee5a-df88-5e35-888d-ef404543a91d",
          "methods": [
            "POST"
          ],
          "name": "Simple_API_overview-uses-ops-plugin",
          "paths": [
            "~/path2$"
          ],
          "plugins": [
            {
              "config": {
                "message": "For a moment, nothing happened. Then, after a second or so, nothing continued to happen.",
                "status_code": 403
              },
              "id": "c2294326-c1e8-55ae-8f2f-e1a612556beb",
              "name": "request-termination",
              "tags": [
                "OAS3_import",
                "OAS3file_09-generic-plugins.yaml"
              ]
            }
          ],
          "regex_priority": 200,
          "strip_path": false,
          "tags": [
            "OAS3_import",
            "OAS3file_09-generic-plugins.yaml"
          ]
        }
      ],
      "tags": [
        "OAS3_import",
        "OAS3file_09-generic-plugins.yaml"
      ]
    }
  ],
  "upstreams": []
}