{
  "_format_version": "3.0",
  "plugins": [
    {
      "config": {
        "message": "The answer to life, the universe, and everything!",
        "status_code": 403
      },
      "consumer": "johndoe2",
      "id": "aa56031e-7155-599f-a9e9-93e6b271ba58",
      "name": "request-termination",
      "route": "simple-api-overview_uses-path-plugin",
      "tags": [
        "OAS3_import",
        "OAS3file_09a-plugins-with-consumers.yaml"
      ]
    },
    {
      "config": {
        "message": "For a moment, nothing happened. Then, after a second or so, nothing continued to happen.",
        "status_code": 403
      },
      "consumer": "johndoe3",
      "id": "ead16074-ccb0-52dd-9f56-4193529e8ffa",
      "name": "request-termination",
      "route": "simple-api-overview_uses-ops-plugin",
      "tags": [
        "OAS3_import",
        "OAS3file_09a-plugins-with-consumers.yaml"
      ]
    },
    {
      "config": {
        "message": "So long and thanks for all the fish!",
        "status_code": 403
      },
      "consumer": "johndoe1",
      "id": "ef93d30f-dc7d-581b-8b1b-3f8942a0d171",
      "name": "request-termination",
      "service": "simple-api-overview",
      "tags": [
        "OAS3_import",
        "OAS3file_09a-plugins-with-consumers.yaml"
      ]
    }
  ],
  "services": [
    {
      "host": "server1.com",
      "id": "0907c4ab-d9e4-5d21-813b-c57a97eeaad9",
      "name": "simple-api-overview",
      "path": "/",
      "plugins": [],
      "port": 443,
      "protocol": "https",
      "routes": [
        {
          "id": "d020c736-e762-5dad-8415-1684ee4f2061",
          "methods": [
            "GET"
          ],
          "name": "simple-api-overview_uses-doc-plugin",
          "paths": [
            "~/path1$"
          ],
          "plugins": [],
          "regex_priority": 200,
          "strip_path": false,
          "tags": [
            "OAS3_import",
            "OAS3file_09a-plugins-with-consumers.yaml"
          ]
        },
        {
          "id": "ef2ca083-29b3-5d7b-87c5-e4315d830c33",
          "methods": [
            "GET"
          ],
          "name": "simple-api-overview_uses-path-plugin",
          "paths": [
            "~/path2$"
          ],
          "plugins": [],
          "regex_priority": 200,
          "strip_path": false,
          "tags": [
            "OAS3_import",
            "OAS3file_09a-plugins-with-consumers.yaml"
          ]
        },
        {
          "id": "f9c8a7d7-3518-5c25-b66b-40943e59f91b",
          "methods": [
            "POST"
          ],
          "name": "simple-api-overview_uses-ops-plugin",
          "paths": [
            "~/path2$"
          ],
          "plugins": [],
          "regex_priority": 200,
          "strip_path": false,
          "tags": [
            "OAS3_import",
            "OAS3file_09a-plugins-with-consumers.yaml"
          ]
        }
      ],
      "tags": [
        "OAS3_import",
        "OAS3file_09a-plugins-with-consumers.yaml"
      ]
    }
  ],
  "upstreams": []
}
