{
  "_format_version": "3.0",
  "services": [
    {
      "host": "simple-api-overview.upstream",
      "id": "0907c4ab-d9e4-5d21-813b-c57a97eeaad9",
      "name": "simple-api-overview",
      "path": "/",
      "plugins": [
        {
          "config": {
            "path": "/dev/stderr"
          },
          "id": "b4eb8681-bd93-5d4b-9c19-702a9452e972",
          "name": "file-log",
          "tags": [
            "OAS3_import",
            "OAS3file_11-references.yaml"
          ]
        }
      ],
      "port": 443,
      "protocol": "https",
      "retries": 999,
      "routes": [
        {
          "id": "ef141006-f57c-5a01-ae4a-2a83a671ff76",
          "methods": [
            "GET"
          ],
          "name": "simple-api-overview_path1_get",
          "paths": [
            "~/path1$"
          ],
          "plugins": [],
          "regex_priority": 200,
          "strip_path": false,
          "tags": [
            "OAS3_import",
            "OAS3file_11-references.yaml"
          ]
        }
      ],
      "tags": [
        "OAS3_import",
        "OAS3file_11-references.yaml"
      ]
    }
  ],
  "upstreams": [
    {
      "id": "811c42d6-ef18-5296-a550-7dca2262b4d8",
      "name": "simple-api-overview.upstream",
      "slots": 999,
      "tags": [
        "OAS3_import",
        "OAS3file_11-references.yaml"
      ],
      "targets": [
        {
          "tags": [
            "OAS3_import",
            "OAS3file_11-references.yaml"
          ],
          "target": "server1.com:443"
        }
      ]
    }
  ]
}