{
  "_format_version": "3.0",
  "services": [
    {
      "host": "example.com",
      "id": "3e0fefa1-06b5-589a-ab2d-2d01c70bf55a",
      "name": "Path_parameter_test",
      "path": "/",
      "plugins": [],
      "port": 443,
      "protocol": "https",
      "routes": [
        {
          "id": "d24ac8a3-d744-5952-89a9-79cffecbf8dd",
          "methods": [
            "GET"
          ],
          "name": "Path_parameter_test-getBatchNoParams",
          "paths": [
            "~/batchs\\(Material='iron',Batch='10'\\)$"
          ],
          "plugins": [],
          "regex_priority": 200,
          "strip_path": false,
          "tags": [
            "OAS3_import",
            "OAS3file_12-path-parameter-regex.yaml"
          ]
        },
        {
          "id": "928231e6-951a-50ff-8891-bc9f9d12538b",
          "methods": [
            "GET"
          ],
          "name": "Path_parameter_test-getBatchWithParams",
          "paths": [
            "~/batchs\\(Material='(?<material>[^#?/]+)',Batch='(?<batch>[^#?/]+)'\\)$"
          ],
          "plugins": [],
          "regex_priority": 100,
          "strip_path": false,
          "tags": [
            "OAS3_import",
            "OAS3file_12-path-parameter-regex.yaml"
          ]
        },
        {
          "id": "95358c02-e755-5a0c-9044-bf9a9b4e1561",
          "methods": [
            "POST"
          ],
          "name": "Path_parameter_test-postBatchWithParams",
          "paths": [
            "~/batchs\\(Material='(?<material>[^#?/]+)',Batch='(?<batch>[^#?/]+)'\\)$"
          ],
          "plugins": [],
          "regex_priority": 100,
          "strip_path": false,
          "tags": [
            "OAS3_import",
            "OAS3file_12-path-parameter-regex.yaml"
          ]
        },
        {
          "id": "2f9299ba-2694-52a8-8e82-bd2d3446bc41",
          "methods": [
            "GET"
          ],
          "name": "Path_parameter_test-opsid",
          "paths": [
            "~/demo/(?<something>[^#?/]+)/else/(?<to_do>[^#?/]+)/$"
          ],
          "plugins": [],
          "regex_priority": 100,
          "strip_path": false,
          "tags": [
            "OAS3_import",
            "OAS3file_12-path-parameter-regex.yaml"
          ]
        }
      ],
      "tags": [
        "OAS3_import",
        "OAS3file_12-path-parameter-regex.yaml"
      ]
    }
  ],
  "upstreams": []
}
